Setting up watches.
Watches established.
Copied '/home/raisama/everything/learning/job_prep/dsa/leetcode_sols/169.majority-element.py' → '/home/raisama/everything/learning/job_prep/dsa/divide_conquer/169.majority-element.py'
Copied '/home/raisama/everything/learning/job_prep/dsa/leetcode_sols/169.majority-element.py' → '/home/raisama/everything/learning/job_prep/dsa//169.majority-element.py'
Copied '/home/raisama/everything/learning/job_prep/dsa/leetcode_sols/169.majority-element.py' → '/home/raisama/everything/learning/job_prep/dsa/data_structures/hash_map/169.majority-element.py'
Copied '/home/raisama/everything/learning/job_prep/dsa/leetcode_sols/169.majority-element.py' → '/home/raisama/everything/learning/job_prep/dsa/divide_conquer/169.majority-element.py'
Copied '/home/raisama/everything/learning/job_prep/dsa/leetcode_sols/169.majority-element.py' → '/home/raisama/everything/learning/job_prep/dsa//169.majority-element.py'
Copied '/home/raisama/everything/learning/job_prep/dsa/leetcode_sols/169.majority-element.py' → '/home/raisama/everything/learning/job_prep/dsa/data_structures/hash_map/169.majority-element.py'
Copied '/home/raisama/everything/learning/job_prep/dsa/leetcode_sols/169.majority-element.py' → '/home/raisama/everything/learning/job_prep/dsa/divide_conquer/169.majority-element.py'
Copied '/home/raisama/everything/learning/job_prep/dsa/leetcode_sols/169.majority-element.py' → '/home/raisama/everything/learning/job_prep/dsa//169.majority-element.py'
Copied '/home/raisama/everything/learning/job_prep/dsa/leetcode_sols/169.majority-element.py' → '/home/raisama/everything/learning/job_prep/dsa/data_structures/hash_map/169.majority-element.py'
Copied '/home/raisama/everything/learning/job_prep/dsa/leetcode_sols/169.majority-element.py' → '/home/raisama/everything/learning/job_prep/dsa/divide_conquer/169.majority-element.py'
Copied '/home/raisama/everything/learning/job_prep/dsa/leetcode_sols/169.majority-element.py' → '/home/raisama/everything/learning/job_prep/dsa//169.majority-element.py'
Copied '/home/raisama/everything/learning/job_prep/dsa/leetcode_sols/169.majority-element.py' → '/home/raisama/everything/learning/job_prep/dsa/data_structures/hash_map/169.majority-element.py'
Copied '/home/raisama/everything/learning/job_prep/dsa/leetcode_sols/169.majority-element.py' → '/home/raisama/everything/learning/job_prep/dsa/divide_conquer/169.majority-element.py'
Copied '/home/raisama/everything/learning/job_prep/dsa/leetcode_sols/169.majority-element.py' → '/home/raisama/everything/learning/job_prep/dsa//169.majority-element.py'
Copied '/home/raisama/everything/learning/job_prep/dsa/leetcode_sols/169.majority-element.py' → '/home/raisama/everything/learning/job_prep/dsa/data_structures/hash_map/169.majority-element.py'
Copied '/home/raisama/everything/learning/job_prep/dsa/leetcode_sols/169.majority-element.py' → '/home/raisama/everything/learning/job_prep/dsa/divide_conquer/169.majority-element.py'
Copied '/home/raisama/everything/learning/job_prep/dsa/leetcode_sols/169.majority-element.py' → '/home/raisama/everything/learning/job_prep/dsa//169.majority-element.py'
Copied '/home/raisama/everything/learning/job_prep/dsa/leetcode_sols/169.majority-element.py' → '/home/raisama/everything/learning/job_prep/dsa/data_structures/hash_map/169.majority-element.py'
Setting up watches.
Watches established.
Copied '/home/raisama/everything/learning/job_prep/dsa/leetcode_sols/169.majority-element.py' → '/home/raisama/everything/learning/job_prep/dsa/divide_conquer/169.majority-element.py'
Copied '/home/raisama/everything/learning/job_prep/dsa/leetcode_sols/169.majority-element.py' → '/home/raisama/everything/learning/job_prep/dsa/data_structures/hash_map/169.majority-element.py'
Copied '/home/raisama/everything/learning/job_prep/dsa/leetcode_sols/169.majority-element.py' → '/home/raisama/everything/learning/job_prep/dsa/divide_conquer/169.majority-element.py'
Copied '/home/raisama/everything/learning/job_prep/dsa/leetcode_sols/169.majority-element.py' → '/home/raisama/everything/learning/job_prep/dsa/data_structures/hash_map/169.majority-element.py'
Copied '/home/raisama/everything/learning/job_prep/dsa/leetcode_sols/169.majority-element.py' → '/home/raisama/everything/learning/job_prep/dsa/divide_conquer/169.majority-element.py'
Copied '/home/raisama/everything/learning/job_prep/dsa/leetcode_sols/169.majority-element.py' → '/home/raisama/everything/learning/job_prep/dsa/data_structures/hash_map/169.majority-element.py'
Copied '/home/raisama/everything/learning/job_prep/dsa/leetcode_sols/217.contains-duplicate.py' → '/home/raisama/everything/learning/job_prep/dsa/arrays/217.contains-duplicate.py'
Copied '/home/raisama/everything/learning/job_prep/dsa/leetcode_sols/217.contains-duplicate.py' → '/home/raisama/everything/learning/job_prep/dsa/data_structures/hash_map/217.contains-duplicate.py'
Copied '/home/raisama/everything/learning/job_prep/dsa/leetcode_sols/217.contains-duplicate.py' → '/home/raisama/everything/learning/job_prep/dsa/arrays/217.contains-duplicate.py'
Copied '/home/raisama/everything/learning/job_prep/dsa/leetcode_sols/217.contains-duplicate.py' → '/home/raisama/everything/learning/job_prep/dsa/data_structures/hash_map/217.contains-duplicate.py'
Copied '/home/raisama/everything/learning/job_prep/dsa/leetcode_sols/283.move-zeroes.py' → '/home/raisama/everything/learning/job_prep/dsa/arrays/283.move-zeroes.py'
Copied '/home/raisama/everything/learning/job_prep/dsa/leetcode_sols/283.move-zeroes.py' → '/home/raisama/everything/learning/job_prep/dsa/patterns/two_pointers/283.move-zeroes.py'
Copied '/home/raisama/everything/learning/job_prep/dsa/leetcode_sols/283.move-zeroes.py' → '/home/raisama/everything/learning/job_prep/dsa/arrays/283.move-zeroes.py'
Copied '/home/raisama/everything/learning/job_prep/dsa/leetcode_sols/283.move-zeroes.py' → '/home/raisama/everything/learning/job_prep/dsa/patterns/two_pointers/283.move-zeroes.py'
Copied '/home/raisama/everything/learning/job_prep/dsa/leetcode_sols/283.move-zeroes.py' → '/home/raisama/everything/learning/job_prep/dsa/arrays/283.move-zeroes.py'
Copied '/home/raisama/everything/learning/job_prep/dsa/leetcode_sols/283.move-zeroes.py' → '/home/raisama/everything/learning/job_prep/dsa/patterns/two_pointers/283.move-zeroes.py'
Copied '/home/raisama/everything/learning/job_prep/dsa/leetcode_sols/283.move-zeroes.py' → '/home/raisama/everything/learning/job_prep/dsa/arrays/283.move-zeroes.py'
Copied '/home/raisama/everything/learning/job_prep/dsa/leetcode_sols/283.move-zeroes.py' → '/home/raisama/everything/learning/job_prep/dsa/patterns/two_pointers/283.move-zeroes.py'
Copied '/home/raisama/everything/learning/job_prep/dsa/leetcode_sols/283.move-zeroes.py' → '/home/raisama/everything/learning/job_prep/dsa/arrays/283.move-zeroes.py'
Copied '/home/raisama/everything/learning/job_prep/dsa/leetcode_sols/283.move-zeroes.py' → '/home/raisama/everything/learning/job_prep/dsa/patterns/two_pointers/283.move-zeroes.py'
Copied '/home/raisama/everything/learning/job_prep/dsa/leetcode_sols/283.move-zeroes.py' → '/home/raisama/everything/learning/job_prep/dsa/arrays/283.move-zeroes.py'
Copied '/home/raisama/everything/learning/job_prep/dsa/leetcode_sols/283.move-zeroes.py' → '/home/raisama/everything/learning/job_prep/dsa/patterns/two_pointers/283.move-zeroes.py'
Copied '/home/raisama/everything/learning/job_prep/dsa/leetcode_sols/283.move-zeroes.py' → '/home/raisama/everything/learning/job_prep/dsa/arrays/283.move-zeroes.py'
Copied '/home/raisama/everything/learning/job_prep/dsa/leetcode_sols/283.move-zeroes.py' → '/home/raisama/everything/learning/job_prep/dsa/patterns/two_pointers/283.move-zeroes.py'
Copied '/home/raisama/everything/learning/job_prep/dsa/leetcode_sols/977.squares-of-a-sorted-array.py' → '/home/raisama/everything/learning/job_prep/dsa/arrays/977.squares-of-a-sorted-array.py'
Copied '/home/raisama/everything/learning/job_prep/dsa/leetcode_sols/977.squares-of-a-sorted-array.py' → '/home/raisama/everything/learning/job_prep/dsa/arrays/977.squares-of-a-sorted-array.py'
Copied '/home/raisama/everything/learning/job_prep/dsa/leetcode_sols/977.squares-of-a-sorted-array.py' → '/home/raisama/everything/learning/job_prep/dsa/patterns/two_pointers/977.squares-of-a-sorted-array.py'
Copied '/home/raisama/everything/learning/job_prep/dsa/leetcode_sols/57.insert-interval.py' → '/home/raisama/everything/learning/job_prep/dsa/arrays/57.insert-interval.py'
Setting up watches.
Watches established.
Setting up watches.
Watches established.
Setting up watches.
Watches established.
Setting up watches.
Watches established.
Setting up watches.
Watches established.
Setting up watches.
Watches established.
Setting up watches.
Watches established.
Setting up watches.
Watches established.
Setting up watches.
Watches established.
Setting up watches.
Watches established.
Setting up watches.
Watches established.
Setting up watches.
Watches established.
Setting up watches.
Watches established.
Setting up watches.
Watches established.
Setting up watches.
Watches established.
Setting up watches.
Watches established.
Setting up watches.  Beware: since -r was given, this may take a while!
Watches established.
Copied '/home/raisama/everything/learning/dsa/leetcode_sols/3310.remove-methods-from-project/solution.py' → '/home/raisama/everything/learning/dsa/arrays/3310.remove-methods-from-project.py'
Copied '/home/raisama/everything/learning/dsa/leetcode_sols/3310.remove-methods-from-project/solution.py' → '/home/raisama/everything/learning/dsa/arrays/3310.remove-methods-from-project.py'
Copied '/home/raisama/everything/learning/dsa/leetcode_sols/3310.remove-methods-from-project/solution.py' → '/home/raisama/everything/learning/dsa/arrays/3310.remove-methods-from-project.py'
Copied '/home/raisama/everything/learning/dsa/leetcode_sols/3310.remove-methods-from-project/solution.py' → '/home/raisama/everything/learning/dsa/arrays/3310.remove-methods-from-project.py'
Copied '/home/raisama/everything/learning/dsa/leetcode_sols/3310.remove-methods-from-project/solution.py' → '/home/raisama/everything/learning/dsa/arrays/3310.remove-methods-from-project.py'
Copied '/home/raisama/everything/learning/dsa/leetcode_sols/3310.remove-methods-from-project/solution.py' → '/home/raisama/everything/learning/dsa/arrays/3310.remove-methods-from-project.py'
Copied '/home/raisama/everything/learning/dsa/leetcode_sols/3310.remove-methods-from-project/solution.py' → '/home/raisama/everything/learning/dsa/arrays/3310.remove-methods-from-project.py'
Copied '/home/raisama/everything/learning/dsa/leetcode_sols/3310.remove-methods-from-project/solution.py' → '/home/raisama/everything/learning/dsa/arrays/3310.remove-methods-from-project.py'
Copied '/home/raisama/everything/learning/dsa/leetcode_sols/3310.remove-methods-from-project/solution.py' → '/home/raisama/everything/learning/dsa/arrays/3310.remove-methods-from-project.py'
Copied '/home/raisama/everything/learning/dsa/leetcode_sols/3310.remove-methods-from-project/solution.py' → '/home/raisama/everything/learning/dsa/arrays/3310.remove-methods-from-project.py'
Copied '/home/raisama/everything/learning/dsa/leetcode_sols/3310.remove-methods-from-project/solution.py' → '/home/raisama/everything/learning/dsa/arrays/3310.remove-methods-from-project.py'
Copied '/home/raisama/everything/learning/dsa/leetcode_sols/3310.remove-methods-from-project/solution.py' → '/home/raisama/everything/learning/dsa/arrays/3310.remove-methods-from-project.py'
Copied '/home/raisama/everything/learning/dsa/leetcode_sols/3310.remove-methods-from-project/solution.py' → '/home/raisama/everything/learning/dsa/arrays/3310.remove-methods-from-project.py'
Copied '/home/raisama/everything/learning/dsa/leetcode_sols/3310.remove-methods-from-project/solution.py' → '/home/raisama/everything/learning/dsa/arrays/3310.remove-methods-from-project.py'
Copied '/home/raisama/everything/learning/dsa/leetcode_sols/3310.remove-methods-from-project/solution.py' → '/home/raisama/everything/learning/dsa/arrays/3310.remove-methods-from-project.py'
Copied '/home/raisama/everything/learning/dsa/leetcode_sols/3310.remove-methods-from-project/solution.py' → '/home/raisama/everything/learning/dsa/arrays/3310.remove-methods-from-project.py'
Copied '/home/raisama/everything/learning/dsa/leetcode_sols/3310.remove-methods-from-project/solution.py' → '/home/raisama/everything/learning/dsa/arrays/3310.remove-methods-from-project.py'
Copied '/home/raisama/everything/learning/dsa/leetcode_sols/3310.remove-methods-from-project/solution.py' → '/home/raisama/everything/learning/dsa/arrays/3310.remove-methods-from-project.py'
Copied '/home/raisama/everything/learning/dsa/leetcode_sols/3310.remove-methods-from-project/solution.py' → '/home/raisama/everything/learning/dsa/arrays/3310.remove-methods-from-project.py'
Copied '/home/raisama/everything/learning/dsa/leetcode_sols/3310.remove-methods-from-project/solution.py' → '/home/raisama/everything/learning/dsa/arrays/3310.remove-methods-from-project.py'
Copied '/home/raisama/everything/learning/dsa/leetcode_sols/3310.remove-methods-from-project/solution.py' → '/home/raisama/everything/learning/dsa/arrays/3310.remove-methods-from-project.py'
Copied '/home/raisama/everything/learning/dsa/leetcode_sols/3310.remove-methods-from-project/solution.py' → '/home/raisama/everything/learning/dsa/arrays/3310.remove-methods-from-project.py'
Copied '/home/raisama/everything/learning/dsa/leetcode_sols/3310.remove-methods-from-project/solution.py' → '/home/raisama/everything/learning/dsa/arrays/3310.remove-methods-from-project.py'
Copied '/home/raisama/everything/learning/dsa/leetcode_sols/3310.remove-methods-from-project/solution.py' → '/home/raisama/everything/learning/dsa/arrays/3310.remove-methods-from-project.py'
Copied '/home/raisama/everything/learning/dsa/leetcode_sols/3310.remove-methods-from-project/solution.py' → '/home/raisama/everything/learning/dsa/arrays/3310.remove-methods-from-project.py'
Copied '/home/raisama/everything/learning/dsa/leetcode_sols/3310.remove-methods-from-project/solution.py' → '/home/raisama/everything/learning/dsa/arrays/3310.remove-methods-from-project.py'
Copied '/home/raisama/everything/learning/dsa/leetcode_sols/3310.remove-methods-from-project/solution.py' → '/home/raisama/everything/learning/dsa/graphs/3310.remove-methods-from-project.py'
Copied '/home/raisama/everything/learning/dsa/leetcode_sols/3310.remove-methods-from-project/solution.py' → '/home/raisama/everything/learning/dsa/arrays/3310.remove-methods-from-project.py'
Copied '/home/raisama/everything/learning/dsa/leetcode_sols/3310.remove-methods-from-project/solution.py' → '/home/raisama/everything/learning/dsa/graphs/3310.remove-methods-from-project.py'
Copied '/home/raisama/everything/learning/dsa/leetcode_sols/3310.remove-methods-from-project/solution.py' → '/home/raisama/everything/learning/dsa/arrays/3310.remove-methods-from-project.py'
Copied '/home/raisama/everything/learning/dsa/leetcode_sols/3310.remove-methods-from-project/solution.py' → '/home/raisama/everything/learning/dsa/graphs/3310.remove-methods-from-project.py'
Copied '/home/raisama/everything/learning/dsa/leetcode_sols/3310.remove-methods-from-project/solution.py' → '/home/raisama/everything/learning/dsa/arrays/3310.remove-methods-from-project.py'
Copied '/home/raisama/everything/learning/dsa/leetcode_sols/3310.remove-methods-from-project/solution.py' → '/home/raisama/everything/learning/dsa/graphs/3310.remove-methods-from-project.py'
Copied '/home/raisama/everything/learning/dsa/leetcode_sols/3310.remove-methods-from-project/solution.py' → '/home/raisama/everything/learning/dsa/arrays/3310.remove-methods-from-project.py'
Copied '/home/raisama/everything/learning/dsa/leetcode_sols/3310.remove-methods-from-project/solution.py' → '/home/raisama/everything/learning/dsa/graphs/3310.remove-methods-from-project.py'
Copied '/home/raisama/everything/learning/dsa/leetcode_sols/3310.remove-methods-from-project/solution.py' → '/home/raisama/everything/learning/dsa/arrays/3310.remove-methods-from-project.py'
Copied '/home/raisama/everything/learning/dsa/leetcode_sols/3310.remove-methods-from-project/solution.py' → '/home/raisama/everything/learning/dsa/graphs/3310.remove-methods-from-project.py'
Copied '/home/raisama/everything/learning/dsa/leetcode_sols/3310.remove-methods-from-project/solution.py' → '/home/raisama/everything/learning/dsa/arrays/3310.remove-methods-from-project.py'
Copied '/home/raisama/everything/learning/dsa/leetcode_sols/3310.remove-methods-from-project/solution.py' → '/home/raisama/everything/learning/dsa/graphs/3310.remove-methods-from-project.py'
Copied '/home/raisama/everything/learning/dsa/leetcode_sols/3310.remove-methods-from-project/solution.py' → '/home/raisama/everything/learning/dsa/arrays/3310.remove-methods-from-project.py'
Copied '/home/raisama/everything/learning/dsa/leetcode_sols/3310.remove-methods-from-project/solution.py' → '/home/raisama/everything/learning/dsa/graphs/3310.remove-methods-from-project.py'
Copied '/home/raisama/everything/learning/dsa/leetcode_sols/3310.remove-methods-from-project/solution.py' → '/home/raisama/everything/learning/dsa/arrays/3310.remove-methods-from-project.py'
Copied '/home/raisama/everything/learning/dsa/leetcode_sols/3310.remove-methods-from-project/solution.py' → '/home/raisama/everything/learning/dsa/graphs/3310.remove-methods-from-project.py'
Copied '/home/raisama/everything/learning/dsa/leetcode_sols/3310.remove-methods-from-project/solution.py' → '/home/raisama/everything/learning/dsa/arrays/3310.remove-methods-from-project.py'
Copied '/home/raisama/everything/learning/dsa/leetcode_sols/3310.remove-methods-from-project/solution.py' → '/home/raisama/everything/learning/dsa/graphs/3310.remove-methods-from-project.py'
Copied '/home/raisama/everything/learning/dsa/leetcode_sols/3310.remove-methods-from-project/solution.py' → '/home/raisama/everything/learning/dsa/arrays/3310.remove-methods-from-project.py'
Copied '/home/raisama/everything/learning/dsa/leetcode_sols/3310.remove-methods-from-project/solution.py' → '/home/raisama/everything/learning/dsa/graphs/3310.remove-methods-from-project.py'
Copied '/home/raisama/everything/learning/dsa/leetcode_sols/3310.remove-methods-from-project/solution.py' → '/home/raisama/everything/learning/dsa/arrays/3310.remove-methods-from-project.py'
Copied '/home/raisama/everything/learning/dsa/leetcode_sols/3310.remove-methods-from-project/solution.py' → '/home/raisama/everything/learning/dsa/graphs/3310.remove-methods-from-project.py'
Copied '/home/raisama/everything/learning/dsa/leetcode_sols/3310.remove-methods-from-project/solution.py' → '/home/raisama/everything/learning/dsa/arrays/3310.remove-methods-from-project.py'
Copied '/home/raisama/everything/learning/dsa/leetcode_sols/3310.remove-methods-from-project/solution.py' → '/home/raisama/everything/learning/dsa/graphs/3310.remove-methods-from-project.py'
Copied '/home/raisama/everything/learning/dsa/leetcode_sols/3310.remove-methods-from-project/solution.py' → '/home/raisama/everything/learning/dsa/arrays/3310.remove-methods-from-project.py'
Copied '/home/raisama/everything/learning/dsa/leetcode_sols/3310.remove-methods-from-project/solution.py' → '/home/raisama/everything/learning/dsa/graphs/3310.remove-methods-from-project.py'
Setting up watches.  Beware: since -r was given, this may take a while!
Watches established.
Copied '/home/raisama/everything/learning/dsa/leetcode_sols/3345.smallest-divisible-digit-product-i/solution.py' → '/home/raisama/everything/learning/dsa/math/3345.smallest-divisible-digit-product-i.py'
Copied '/home/raisama/everything/learning/dsa/leetcode_sols/3345.smallest-divisible-digit-product-i/solution.py' → '/home/raisama/everything/learning/dsa/math/3345.smallest-divisible-digit-product-i.py'
Copied '/home/raisama/everything/learning/dsa/leetcode_sols/3345.smallest-divisible-digit-product-i/solution.py' → '/home/raisama/everything/learning/dsa/math/3345.smallest-divisible-digit-product-i.py'
Copied '/home/raisama/everything/learning/dsa/leetcode_sols/3345.smallest-divisible-digit-product-i/solution.py' → '/home/raisama/everything/learning/dsa/math/3345.smallest-divisible-digit-product-i.py'
Copied '/home/raisama/everything/learning/dsa/leetcode_sols/3345.smallest-divisible-digit-product-i/solution.py' → '/home/raisama/everything/learning/dsa/math/3345.smallest-divisible-digit-product-i.py'
Copied '/home/raisama/everything/learning/dsa/leetcode_sols/3345.smallest-divisible-digit-product-i/solution.py' → '/home/raisama/everything/learning/dsa/math/3345.smallest-divisible-digit-product-i.py'
